GOARCH=amd64 GOOS=linux go build -v -o ./bin/simon ./cmd
internal/goarch
internal/unsafeheader
internal/coverage/rtcov
internal/cpu
internal/goexperiment
internal/abi
internal/goos
runtime/internal/atomic
runtime/internal/math
runtime/internal/sys
runtime/internal/syscall
internal/bytealg
internal/itoa
math/bits
unicode/utf8
internal/race
sync/atomic
math
unicode
encoding
runtime
unicode/utf16
golang.org/x/sys/internal/unsafeheader
github.com/alibaba/open-local/pkg/apis/storage
k8s.io/apimachinery/pkg/selection
internal/nettrace
container/list
crypto/internal/alias
crypto/subtle
crypto/internal/boring/sig
vendor/golang.org/x/crypto/cryptobyte/asn1
vendor/golang.org/x/crypto/internal/alias
k8s.io/apimachinery/pkg/types
google.golang.org/protobuf/internal/flags
google.golang.org/protobuf/internal/set
google.golang.org/grpc/serviceconfig
k8s.io/utils/integer
github.com/google/go-cmp/cmp/internal/flags
k8s.io/utils/buffer
github.com/golang/groupcache/lru
github.com/hkust-adsl/kubernetes-scheduler-simulator/pkg/api/v1alpha1
github.com/gobwas/glob/util/runes
k8s.io/apiserver/pkg/authentication/user
k8s.io/apiserver/pkg/util/dryrun
k8s.io/apiserver/pkg/util/flowcontrol/counter
k8s.io/apiserver/pkg/util/flowcontrol/fairqueuing/promise
golang.org/x/crypto/cryptobyte/asn1
golang.org/x/crypto/internal/subtle
golang.org/x/crypto/salsa20/salsa
k8s.io/cloud-provider/volume
github.com/shurcooL/sanitized_anchor_name
internal/reflectlite
sync
internal/godebug
internal/singleflight
internal/testlog
google.golang.org/protobuf/internal/pragma
runtime/cgo
google.golang.org/grpc/internal/buffer
math/rand
internal/intern
google.golang.org/grpc/internal/grpcsync
k8s.io/kubernetes/pkg/capabilities
k8s.io/apiserver/pkg/util/flowcontrol/fairqueuing/promise/lockingpromise
errors
sort
io
strconv
internal/oserror
internal/safefilepath
syscall
path
strings
reflect
bytes
bufio
internal/syscall/unix
time
internal/syscall/execenv
golang.org/x/text/transform
golang.org/x/text/width
regexp/syntax
github.com/kballard/go-shellquote
internal/poll
io/fs
regexp
context
github.com/gogo/protobuf/sortkeys
os
vendor/golang.org/x/net/dns/dnsmessage
net/netip
internal/fmtsort
encoding/binary
k8s.io/apimachinery/pkg/util/sets
encoding/base64
golang.org/x/sys/unix
fmt
path/filepath
io/ioutil
github.com/google/gofuzz/bytesource
net
os/exec
github.com/go-logr/logr
internal/lazyregexp
flag
encoding/json
net/url
text/template/parse
github.com/AlecAivazis/survey/v2/terminal
text/template
log
github.com/mattn/go-isatty
github.com/mattn/go-colorable
golang.org/x/term
github.com/mgutz/ansi
github.com/gogo/protobuf/proto
github.com/google/gofuzz
math/big
github.com/AlecAivazis/survey/v2/core
github.com/AlecAivazis/survey/v2
k8s.io/apimachinery/third_party/forked/golang/reflect
k8s.io/apimachinery/pkg/conversion
k8s.io/apimachinery/pkg/fields
k8s.io/apimachinery/pkg/util/errors
gopkg.in/inf.v0
k8s.io/apimachinery/pkg/util/validation/field
os/user
go/token
go/scanner
go/ast
go/doc/comment
k8s.io/apimachinery/pkg/util/validation
go/internal/typeparams
go/parser
k8s.io/apimachinery/pkg/api/resource
go/doc
k8s.io/klog/v2
k8s.io/apimachinery/pkg/conversion/queryparams
k8s.io/apimachinery/pkg/runtime/schema
k8s.io/apimachinery/pkg/labels
k8s.io/apimachinery/pkg/util/json
runtime/debug
compress/flate
hash
k8s.io/apimachinery/pkg/util/naming
crypto/cipher
hash/crc32
crypto
crypto/internal/randutil
crypto/internal/edwards25519/field
crypto/internal/boring
crypto/des
compress/gzip
crypto/rand
crypto/aes
crypto/internal/nistec/fiat
embed
crypto/internal/bigmod
crypto/internal/boring/bbig
crypto/sha512
encoding/asn1
crypto/internal/edwards25519
crypto/hmac
crypto/md5
crypto/ed25519
crypto/rc4
vendor/golang.org/x/crypto/cryptobyte
crypto/rsa
crypto/sha1
crypto/sha256
crypto/dsa
encoding/hex
encoding/pem
crypto/internal/nistec
crypto/x509/pkix
vendor/golang.org/x/crypto/chacha20
vendor/golang.org/x/crypto/internal/poly1305
vendor/golang.org/x/sys/cpu
vendor/golang.org/x/crypto/hkdf
vendor/golang.org/x/text/transform
vendor/golang.org/x/text/unicode/bidi
vendor/golang.org/x/crypto/chacha20poly1305
vendor/golang.org/x/text/unicode/norm
net/textproto
crypto/ecdh
crypto/elliptic
vendor/golang.org/x/text/secure/bidirule
vendor/golang.org/x/net/http2/hpack
mime
mime/quotedprintable
crypto/ecdsa
net/http/internal
mime/multipart
net/http/internal/ascii
github.com/modern-go/concurrent
crypto/x509
gopkg.in/yaml.v2
github.com/modern-go/reflect2
vendor/golang.org/x/net/idna
vendor/golang.org/x/net/http/httpguts
vendor/golang.org/x/net/http/httpproxy
k8s.io/apimachinery/pkg/util/intstr
golang.org/x/text/unicode/bidi
crypto/tls
github.com/json-iterator/go
golang.org/x/text/unicode/norm
golang.org/x/text/secure/bidirule
golang.org/x/net/http2/hpack
github.com/beorn7/perks/quantile
github.com/cespare/xxhash/v2
hash/fnv
google.golang.org/protobuf/internal/detrand
google.golang.org/protobuf/internal/errors
google.golang.org/protobuf/encoding/protowire
google.golang.org/protobuf/reflect/protoreflect
golang.org/x/net/idna
google.golang.org/protobuf/internal/encoding/messageset
google.golang.org/protobuf/internal/strs
golang.org/x/net/http/httpguts
google.golang.org/protobuf/internal/genid
google.golang.org/protobuf/internal/encoding/text
sigs.k8s.io/structured-merge-diff/v4/value
google.golang.org/protobuf/internal/order
net/http/httptrace
google.golang.org/protobuf/reflect/protoregistry
net/http
google.golang.org/protobuf/runtime/protoiface
google.golang.org/protobuf/internal/encoding/defval
google.golang.org/protobuf/proto
google.golang.org/protobuf/internal/descfmt
google.golang.org/protobuf/internal/descopts
google.golang.org/protobuf/internal/version
github.com/prometheus/common/internal/bitbucket.org/ww/goautoneg
github.com/prometheus/common/model
google.golang.org/protobuf/encoding/prototext
google.golang.org/protobuf/internal/filedesc
github.com/prometheus/procfs/internal/fs
github.com/prometheus/procfs/internal/util
golang.org/x/net/internal/timeseries
github.com/prometheus/procfs
html
html/template
google.golang.org/protobuf/internal/encoding/tag
google.golang.org/protobuf/internal/impl
text/tabwriter
google.golang.org/grpc/backoff
google.golang.org/grpc/grpclog
google.golang.org/grpc/connectivity
google.golang.org/grpc/credentials/internal
google.golang.org/grpc/internal
google.golang.org/grpc/metadata
google.golang.org/grpc/attributes
google.golang.org/grpc/internal/grpcrand
google.golang.org/grpc/codes
google.golang.org/grpc/encoding
google.golang.org/grpc/internal/backoff
google.golang.org/grpc/internal/balancerload
google.golang.org/grpc/internal/envconfig
google.golang.org/grpc/internal/syscall
google.golang.org/grpc/keepalive
google.golang.org/grpc/stats
google.golang.org/grpc/tap
google.golang.org/grpc/naming
github.com/sirupsen/logrus
encoding/csv
github.com/spf13/pflag
k8s.io/apimachinery/pkg/util/framer
sigs.k8s.io/yaml
k8s.io/apimachinery/pkg/util/yaml
k8s.io/apimachinery/pkg/version
k8s.io/apimachinery/pkg/util/clock
k8s.io/client-go/pkg/version
github.com/davecgh/go-spew/spew
golang.org/x/crypto/ssh/terminal
k8s.io/client-go/tools/metrics
k8s.io/client-go/util/connrotation
container/heap
golang.org/x/time/rate
k8s.io/client-go/util/keyutil
k8s.io/client-go/util/cert
k8s.io/client-go/util/flowcontrol
github.com/hashicorp/golang-lru/simplelru
github.com/google/go-cmp/cmp/internal/diff
github.com/hashicorp/golang-lru
github.com/google/go-cmp/cmp/internal/function
google.golang.org/protobuf/internal/filetype
k8s.io/apimachinery/pkg/util/cache
github.com/google/go-cmp/cmp/internal/value
k8s.io/apimachinery/pkg/util/runtime
expvar
golang.org/x/net/http2
google.golang.org/protobuf/runtime/protoimpl
k8s.io/apimachinery/pkg/runtime
google.golang.org/protobuf/types/descriptorpb
google.golang.org/protobuf/types/known/anypb
github.com/golang/protobuf/ptypes/any
google.golang.org/protobuf/types/known/durationpb
github.com/golang/protobuf/ptypes/duration
google.golang.org/protobuf/types/known/timestamppb
google.golang.org/protobuf/reflect/protodesc
github.com/golang/protobuf/ptypes/timestamp
github.com/golang/protobuf/protoc-gen-go/descriptor
google.golang.org/protobuf/types/known/wrapperspb
github.com/golang/protobuf/proto
github.com/golang/protobuf/ptypes/wrappers
golang.org/x/net/trace
net/http/httputil
github.com/golang/protobuf/ptypes
github.com/prometheus/client_model/go
github.com/matttproud/golang_protobuf_extensions/pbutil
google.golang.org/grpc/credentials
google.golang.org/grpc/encoding/proto
google.golang.org/grpc/resolver
github.com/prometheus/client_golang/prometheus/internal
github.com/prometheus/common/expfmt
google.golang.org/grpc/balancer
google.golang.org/grpc/binarylog/grpc_binarylog_v1
google.golang.org/grpc/balancer/base
k8s.io/apimachinery/pkg/util/net
google.golang.org/grpc/balancer/roundrobin
google.golang.org/genproto/googleapis/rpc/status
google.golang.org/grpc/internal/channelz
google.golang.org/grpc/status
google.golang.org/grpc/internal/binarylog
k8s.io/apimachinery/pkg/watch
github.com/prometheus/client_golang/prometheus
google.golang.org/grpc/internal/resolver/dns
k8s.io/apimachinery/pkg/apis/meta/v1
google.golang.org/grpc/internal/resolver/passthrough
google.golang.org/grpc/peer
github.com/googleapis/gnostic/extensions
google.golang.org/grpc/internal/transport
github.com/googleapis/gnostic/compiler
github.com/googleapis/gnostic/openapiv2
github.com/alibaba/open-local/pkg/metrics
k8s.io/apimachinery/pkg/runtime/serializer/recognizer
k8s.io/apimachinery/pkg/runtime/serializer/json
google.golang.org/grpc
k8s.io/apimachinery/pkg/runtime/serializer/streaming
k8s.io/client-go/tools/clientcmd/api
golang.org/x/net/context/ctxhttp
golang.org/x/oauth2/internal
golang.org/x/oauth2
k8s.io/apimachinery/pkg/util/wait
k8s.io/client-go/util/workqueue
k8s.io/client-go/transport
github.com/google/go-cmp/cmp
github.com/container-storage-interface/spec/lib/go/csi
github.com/alibaba/open-local/pkg/apis/storage/v1alpha1
github.com/alibaba/open-local/pkg
k8s.io/api/core/v1
k8s.io/apimachinery/pkg/api/errors
k8s.io/apimachinery/pkg/runtime/serializer/protobuf
k8s.io/apimachinery/pkg/apis/meta/v1/unstructured
k8s.io/api/admissionregistration/v1
k8s.io/api/admissionregistration/v1beta1
k8s.io/apimachinery/pkg/runtime/serializer/versioning
k8s.io/apimachinery/pkg/runtime/serializer
k8s.io/api/apiserverinternal/v1alpha1
k8s.io/api/authentication/v1
k8s.io/api/authentication/v1beta1
k8s.io/api/authorization/v1
k8s.io/api/authorization/v1beta1
k8s.io/api/coordination/v1
k8s.io/api/coordination/v1beta1
k8s.io/api/flowcontrol/v1alpha1
k8s.io/api/flowcontrol/v1beta1
k8s.io/api/rbac/v1
k8s.io/api/rbac/v1alpha1
k8s.io/api/rbac/v1beta1
k8s.io/client-go/pkg/apis/clientauthentication
k8s.io/client-go/pkg/apis/clientauthentication/v1alpha1
k8s.io/client-go/pkg/apis/clientauthentication/v1beta1
k8s.io/client-go/plugin/pkg/client/auth/exec
k8s.io/client-go/rest/watch
k8s.io/apimachinery/pkg/api/meta
k8s.io/client-go/rest
k8s.io/apimachinery/pkg/util/diff
k8s.io/apimachinery/pkg/apis/meta/v1beta1
k8s.io/apimachinery/pkg/apis/meta/internalversion
k8s.io/utils/trace
k8s.io/kubernetes/pkg/util/hash
k8s.io/component-base/featuregate
k8s.io/apimachinery/pkg/util/mergepatch
k8s.io/client-go/tools/pager
k8s.io/client-go/tools/cache
k8s.io/apiserver/pkg/util/feature
k8s.io/apimachinery/third_party/forked/golang/json
k8s.io/kube-openapi/pkg/util/proto
k8s.io/apiserver/pkg/features
k8s.io/kubernetes/pkg/features
k8s.io/apimachinery/pkg/util/strategicpatch
k8s.io/apimachinery/pkg/util/rand
k8s.io/kubernetes/pkg/apis/core
k8s.io/kubernetes/pkg/util/sysctl
k8s.io/utils/net
k8s.io/client-go/listers/admissionregistration/v1
k8s.io/client-go/listers/admissionregistration/v1beta1
k8s.io/client-go/listers/apiserverinternal/v1alpha1
k8s.io/client-go/listers/coordination/v1
k8s.io/client-go/listers/coordination/v1beta1
k8s.io/client-go/listers/flowcontrol/v1alpha1
k8s.io/client-go/listers/flowcontrol/v1beta1
k8s.io/client-go/listers/rbac/v1
k8s.io/client-go/listers/rbac/v1alpha1
k8s.io/client-go/listers/rbac/v1beta1
database/sql/driver
k8s.io/kubernetes/pkg/volume/util/fsquota/common
k8s.io/utils/exec
github.com/google/uuid
k8s.io/utils/io
k8s.io/apimachinery/pkg/util/uuid
k8s.io/utils/path
k8s.io/mount-utils
github.com/Masterminds/semver/v3
helm.sh/helm/v3/pkg/chart
k8s.io/kubernetes/pkg/volume/util/fsquota
k8s.io/kubernetes/pkg/volume/util/hostutil
k8s.io/kubernetes/pkg/volume/util/fs
k8s.io/kubernetes/pkg/volume/util/subpath
archive/tar
github.com/pkg/errors
helm.sh/helm/v3/internal/ignore
k8s.io/kubernetes/pkg/apis/core/helper
helm.sh/helm/v3/internal/sympath
github.com/cyphar/filepath-securejoin
github.com/mitchellh/reflectwalk
helm.sh/helm/v3/pkg/chart/loader
github.com/xeipuuv/gojsonpointer
github.com/mitchellh/copystructure
net/mail
github.com/xeipuuv/gojsonreference
helm.sh/helm/v3/internal/version
k8s.io/apiextensions-apiserver/pkg/apis/apiextensions
k8s.io/apimachinery/pkg/api/equality
k8s.io/utils/pointer
github.com/BurntSushi/toml
github.com/xeipuuv/gojsonschema
k8s.io/apiextensions-apiserver/pkg/apis/apiextensions/v1
k8s.io/apiextensions-apiserver/pkg/apis/apiextensions/v1beta1
encoding/base32
github.com/Masterminds/goutils
github.com/huandu/xstrings
github.com/imdario/mergo
github.com/shopspring/decimal
github.com/spf13/cast
golang.org/x/crypto/blowfish
golang.org/x/crypto/pbkdf2
golang.org/x/crypto/bcrypt
golang.org/x/crypto/scrypt
hash/adler32
github.com/gobwas/glob/util/strings
github.com/gobwas/glob/match
github.com/gobwas/glob/syntax/lexer
github.com/Masterminds/sprig/v3
github.com/gobwas/glob/syntax/ast
github.com/gobwas/glob/syntax
k8s.io/client-go/dynamic
github.com/gobwas/glob/compiler
github.com/gobwas/glob
helm.sh/helm/v3/pkg/time
github.com/pquerna/ffjson/fflib/v1/internal
helm.sh/helm/v3/pkg/release
k8s.io/client-go/tools/auth
k8s.io/client-go/tools/clientcmd/api/v1
github.com/pquerna/ffjson/fflib/v1
k8s.io/client-go/util/homedir
k8s.io/kubernetes/pkg/apis/autoscaling
k8s.io/client-go/tools/clientcmd/api/latest
k8s.io/client-go/tools/clientcmd
github.com/pquerna/ffjson/ffjson
k8s.io/api/storage/v1
k8s.io/api/apps/v1
k8s.io/api/apps/v1beta1
k8s.io/api/apps/v1beta2
k8s.io/api/autoscaling/v1
k8s.io/api/autoscaling/v2beta1
k8s.io/api/autoscaling/v2beta2
k8s.io/api/batch/v1
k8s.io/api/certificates/v1
k8s.io/api/certificates/v1beta1
k8s.io/api/discovery/v1alpha1
k8s.io/api/discovery/v1beta1
k8s.io/api/batch/v1beta1
k8s.io/api/batch/v2alpha1
k8s.io/api/events/v1
k8s.io/api/events/v1beta1
k8s.io/api/extensions/v1beta1
k8s.io/api/networking/v1
k8s.io/api/networking/v1beta1
k8s.io/api/node/v1
k8s.io/api/node/v1alpha1
k8s.io/api/node/v1beta1
k8s.io/api/policy/v1beta1
k8s.io/api/scheduling/v1
k8s.io/api/scheduling/v1alpha1
k8s.io/api/scheduling/v1beta1
k8s.io/api/storage/v1alpha1
k8s.io/api/storage/v1beta1
k8s.io/client-go/tools/reference
k8s.io/client-go/listers/core/v1
k8s.io/client-go/listers/storage/v1
k8s.io/client-go/listers/apps/v1
k8s.io/client-go/listers/apps/v1beta1
k8s.io/client-go/listers/apps/v1beta2
k8s.io/client-go/listers/autoscaling/v1
k8s.io/client-go/listers/autoscaling/v2beta1
k8s.io/client-go/listers/autoscaling/v2beta2
k8s.io/client-go/listers/batch/v1
k8s.io/client-go/listers/batch/v1beta1
k8s.io/client-go/kubernetes/scheme
k8s.io/client-go/listers/batch/v2alpha1
k8s.io/client-go/listers/certificates/v1
k8s.io/client-go/listers/certificates/v1beta1
k8s.io/client-go/discovery
k8s.io/client-go/kubernetes/typed/admissionregistration/v1
k8s.io/client-go/kubernetes/typed/admissionregistration/v1beta1
k8s.io/client-go/kubernetes/typed/apiserverinternal/v1alpha1
k8s.io/client-go/kubernetes/typed/apps/v1
k8s.io/client-go/kubernetes/typed/apps/v1beta1
k8s.io/client-go/kubernetes/typed/apps/v1beta2
k8s.io/client-go/kubernetes/typed/authentication/v1
k8s.io/client-go/kubernetes/typed/authentication/v1beta1
k8s.io/client-go/kubernetes/typed/authorization/v1
k8s.io/client-go/kubernetes/typed/authorization/v1beta1
k8s.io/client-go/kubernetes/typed/autoscaling/v1
k8s.io/client-go/kubernetes/typed/autoscaling/v2beta1
k8s.io/client-go/kubernetes/typed/autoscaling/v2beta2
k8s.io/client-go/kubernetes/typed/batch/v1
k8s.io/client-go/kubernetes/typed/batch/v1beta1
k8s.io/client-go/kubernetes/typed/certificates/v1
k8s.io/client-go/kubernetes/typed/batch/v2alpha1
k8s.io/client-go/kubernetes/typed/certificates/v1beta1
k8s.io/client-go/kubernetes/typed/coordination/v1
k8s.io/client-go/kubernetes/typed/coordination/v1beta1
k8s.io/client-go/kubernetes/typed/core/v1
k8s.io/client-go/kubernetes/typed/discovery/v1alpha1
k8s.io/client-go/kubernetes/typed/discovery/v1beta1
k8s.io/client-go/kubernetes/typed/events/v1
k8s.io/client-go/kubernetes/typed/events/v1beta1
k8s.io/client-go/kubernetes/typed/extensions/v1beta1
k8s.io/client-go/kubernetes/typed/flowcontrol/v1alpha1
k8s.io/client-go/kubernetes/typed/flowcontrol/v1beta1
k8s.io/client-go/kubernetes/typed/networking/v1
k8s.io/client-go/kubernetes/typed/networking/v1beta1
k8s.io/client-go/kubernetes/typed/node/v1
k8s.io/client-go/kubernetes/typed/node/v1alpha1
k8s.io/client-go/kubernetes/typed/node/v1beta1
k8s.io/client-go/kubernetes/typed/policy/v1beta1
k8s.io/client-go/kubernetes/typed/rbac/v1
k8s.io/client-go/kubernetes/typed/rbac/v1alpha1
k8s.io/client-go/kubernetes/typed/rbac/v1beta1
k8s.io/client-go/kubernetes/typed/scheduling/v1
k8s.io/client-go/kubernetes/typed/scheduling/v1alpha1
k8s.io/client-go/kubernetes/typed/scheduling/v1beta1
k8s.io/client-go/kubernetes/typed/storage/v1
k8s.io/client-go/kubernetes/typed/storage/v1alpha1
k8s.io/client-go/kubernetes/typed/storage/v1beta1
k8s.io/client-go/listers/discovery/v1alpha1
k8s.io/client-go/listers/discovery/v1beta1
k8s.io/client-go/listers/events/v1
k8s.io/client-go/listers/events/v1beta1
k8s.io/client-go/listers/extensions/v1beta1
k8s.io/client-go/listers/networking/v1
k8s.io/client-go/kubernetes
k8s.io/client-go/listers/networking/v1beta1
k8s.io/client-go/listers/node/v1
k8s.io/client-go/listers/node/v1alpha1
k8s.io/client-go/listers/node/v1beta1
k8s.io/client-go/listers/policy/v1beta1
k8s.io/client-go/listers/scheduling/v1
k8s.io/client-go/listers/scheduling/v1alpha1
k8s.io/client-go/listers/scheduling/v1beta1
k8s.io/client-go/listers/storage/v1alpha1
k8s.io/client-go/listers/storage/v1beta1
k8s.io/client-go/tools/record/util
k8s.io/client-go/tools/record
k8s.io/kubernetes/pkg/apis/core/v1/helper
github.com/hkust-adsl/kubernetes-scheduler-simulator/pkg/type/open-gpu-share/utils
github.com/hkust-adsl/kubernetes-scheduler-simulator/pkg/type
helm.sh/helm/v3/pkg/chartutil
k8s.io/kubernetes/pkg/proxy/util
k8s.io/kubectl/pkg/util/resource
k8s.io/client-go/informers/internalinterfaces
k8s.io/kubernetes/pkg/volume/util/recyclerclient
helm.sh/helm/v3/pkg/engine
helm.sh/helm/v3/pkg/releaseutil
github.com/hkust-adsl/kubernetes-scheduler-simulator/pkg/algo
github.com/hkust-adsl/kubernetes-scheduler-simulator/pkg/chart
github.com/hkust-adsl/kubernetes-scheduler-simulator/pkg/type/open-gpu-share/cache
k8s.io/kubernetes/pkg/apis/apps
k8s.io/client-go/informers/core/v1
k8s.io/client-go/informers/storage/v1
k8s.io/client-go/informers/admissionregistration/v1
k8s.io/client-go/informers/admissionregistration/v1beta1
k8s.io/client-go/informers/apiserverinternal/v1alpha1
k8s.io/client-go/informers/apps/v1
k8s.io/client-go/informers/apps/v1beta1
k8s.io/client-go/informers/admissionregistration
k8s.io/client-go/informers/apiserverinternal
k8s.io/client-go/informers/apps/v1beta2
k8s.io/client-go/informers/autoscaling/v1
k8s.io/client-go/informers/autoscaling/v2beta1
k8s.io/client-go/informers/autoscaling/v2beta2
k8s.io/client-go/informers/batch/v1
k8s.io/client-go/informers/batch/v1beta1
k8s.io/client-go/informers/apps
k8s.io/client-go/informers/batch/v2alpha1
k8s.io/client-go/informers/autoscaling
k8s.io/client-go/informers/certificates/v1
k8s.io/client-go/informers/certificates/v1beta1
k8s.io/client-go/informers/coordination/v1
k8s.io/client-go/informers/batch
k8s.io/client-go/informers/coordination/v1beta1
k8s.io/client-go/informers/certificates
k8s.io/client-go/informers/core
k8s.io/client-go/informers/discovery/v1alpha1
k8s.io/client-go/informers/coordination
k8s.io/client-go/informers/discovery/v1beta1
k8s.io/client-go/informers/events/v1
k8s.io/client-go/informers/events/v1beta1
k8s.io/client-go/informers/extensions/v1beta1
k8s.io/client-go/informers/discovery
k8s.io/client-go/informers/flowcontrol/v1alpha1
k8s.io/client-go/informers/events
k8s.io/client-go/informers/extensions
k8s.io/client-go/informers/flowcontrol/v1beta1
k8s.io/client-go/informers/networking/v1
k8s.io/client-go/informers/networking/v1beta1
k8s.io/client-go/informers/node/v1
k8s.io/client-go/informers/flowcontrol
k8s.io/client-go/informers/node/v1alpha1
k8s.io/client-go/informers/node/v1beta1
k8s.io/client-go/informers/networking
k8s.io/client-go/informers/policy/v1beta1
k8s.io/client-go/informers/rbac/v1
k8s.io/client-go/informers/node
k8s.io/client-go/informers/rbac/v1alpha1
k8s.io/client-go/informers/policy
k8s.io/client-go/informers/rbac/v1beta1
k8s.io/client-go/informers/scheduling/v1
k8s.io/client-go/informers/scheduling/v1alpha1
k8s.io/client-go/informers/scheduling/v1beta1
k8s.io/client-go/informers/rbac
k8s.io/client-go/informers/storage/v1alpha1
k8s.io/client-go/informers/storage/v1beta1
k8s.io/client-go/informers/scheduling
github.com/opencontainers/go-digest
github.com/docker/distribution/digestset
k8s.io/apimachinery/pkg/apis/meta/v1/validation
k8s.io/client-go/informers/storage
k8s.io/kubernetes/pkg/api/service
github.com/docker/distribution/reference
k8s.io/kubernetes/pkg/fieldpath
k8s.io/kubernetes/pkg/apis/core/pods
k8s.io/apimachinery/pkg/api/validation
k8s.io/kubernetes/pkg/util/parsers
k8s.io/kubernetes/pkg/apis/core/v1
k8s.io/kubernetes/pkg/api/v1/pod
k8s.io/kubernetes/pkg/apis/scheduling
github.com/blang/semver
k8s.io/kubernetes/pkg/kubelet/types
github.com/prometheus/client_golang/prometheus/promhttp
k8s.io/client-go/informers
k8s.io/kubernetes/pkg/security/apparmor
k8s.io/component-base/version
k8s.io/apiserver/pkg/authentication/serviceaccount
k8s.io/client-go/util/retry
k8s.io/client-go/tools/watch
k8s.io/controller-manager/pkg/clientbuilder
k8s.io/component-base/metrics
k8s.io/kubernetes/pkg/api/legacyscheme
k8s.io/kubernetes/pkg/util/taints
k8s.io/cloud-provider
k8s.io/kubernetes/pkg/controller/daemon/util
k8s.io/component-base/metrics/legacyregistry
k8s.io/component-base/metrics/prometheus/ratelimiter
k8s.io/component-helpers/scheduling/corev1/nodeaffinity
k8s.io/client-go/tools/events
k8s.io/component-helpers/scheduling/corev1
k8s.io/kube-scheduler/extender/v1
k8s.io/component-base/config
k8s.io/kubernetes/pkg/scheduler/apis/config
k8s.io/kubernetes/pkg/apis/core/install
k8s.io/kubernetes/pkg/scheduler/util
k8s.io/kubernetes/pkg/volume
k8s.io/kubernetes/pkg/cluster/ports
k8s.io/kubernetes/pkg/util/labels
k8s.io/kubernetes/pkg/apis/core/validation
github.com/evanphx/json-patch
k8s.io/kubernetes/pkg/scheduler/framework
k8s.io/client-go/testing
github.com/alibaba/open-local/pkg/utils
k8s.io/client-go/discovery/fake
k8s.io/client-go/kubernetes/typed/admissionregistration/v1/fake
k8s.io/kubernetes/pkg/scheduler/framework/plugins/helper
github.com/alibaba/open-local/pkg/scheduler/algorithm/cache
k8s.io/client-go/kubernetes/typed/admissionregistration/v1beta1/fake
k8s.io/client-go/kubernetes/typed/apiserverinternal/v1alpha1/fake
k8s.io/client-go/kubernetes/typed/apps/v1/fake
k8s.io/client-go/kubernetes/typed/apps/v1beta1/fake
k8s.io/client-go/kubernetes/typed/apps/v1beta2/fake
k8s.io/client-go/kubernetes/typed/authentication/v1/fake
k8s.io/client-go/kubernetes/typed/authentication/v1beta1/fake
k8s.io/client-go/kubernetes/typed/authorization/v1/fake
k8s.io/client-go/kubernetes/typed/authorization/v1beta1/fake
k8s.io/client-go/kubernetes/typed/autoscaling/v1/fake
k8s.io/client-go/kubernetes/typed/autoscaling/v2beta2/fake
k8s.io/client-go/kubernetes/typed/autoscaling/v2beta1/fake
k8s.io/client-go/kubernetes/typed/batch/v1/fake
k8s.io/client-go/kubernetes/typed/batch/v1beta1/fake
k8s.io/client-go/kubernetes/typed/batch/v2alpha1/fake
k8s.io/client-go/kubernetes/typed/certificates/v1/fake
k8s.io/client-go/kubernetes/typed/certificates/v1beta1/fake
k8s.io/client-go/kubernetes/typed/coordination/v1/fake
k8s.io/client-go/kubernetes/typed/coordination/v1beta1/fake
k8s.io/client-go/rest/fake
k8s.io/client-go/kubernetes/typed/core/v1/fake
k8s.io/client-go/kubernetes/typed/discovery/v1alpha1/fake
k8s.io/client-go/kubernetes/typed/discovery/v1beta1/fake
k8s.io/client-go/kubernetes/typed/events/v1/fake
k8s.io/client-go/kubernetes/typed/events/v1beta1/fake
k8s.io/client-go/kubernetes/typed/extensions/v1beta1/fake
k8s.io/kubernetes/pkg/controller
k8s.io/client-go/kubernetes/typed/flowcontrol/v1alpha1/fake
k8s.io/client-go/kubernetes/typed/flowcontrol/v1beta1/fake
k8s.io/client-go/kubernetes/typed/networking/v1/fake
k8s.io/client-go/kubernetes/typed/networking/v1beta1/fake
k8s.io/client-go/kubernetes/typed/node/v1/fake
k8s.io/client-go/kubernetes/typed/node/v1alpha1/fake
k8s.io/client-go/kubernetes/typed/node/v1beta1/fake
k8s.io/client-go/kubernetes/typed/policy/v1beta1/fake
k8s.io/client-go/kubernetes/typed/rbac/v1/fake
k8s.io/client-go/kubernetes/typed/rbac/v1alpha1/fake
k8s.io/client-go/kubernetes/typed/rbac/v1beta1/fake
k8s.io/client-go/kubernetes/typed/scheduling/v1/fake
k8s.io/client-go/kubernetes/typed/scheduling/v1alpha1/fake
k8s.io/client-go/kubernetes/typed/scheduling/v1beta1/fake
k8s.io/client-go/kubernetes/typed/storage/v1/fake
k8s.io/kubernetes/pkg/controller/daemon
k8s.io/client-go/kubernetes/typed/storage/v1alpha1/fake
k8s.io/client-go/kubernetes/typed/storage/v1beta1/fake
k8s.io/component-base/config/v1alpha1
k8s.io/kube-scheduler/config/v1
k8s.io/kubernetes/pkg/scheduler/internal/parallelize
k8s.io/kubernetes/pkg/controller/volume/scheduling/metrics
k8s.io/kubernetes/pkg/scheduler/metrics
k8s.io/kube-scheduler/config/v1beta1
k8s.io/client-go/kubernetes/fake
k8s.io/kubernetes/pkg/scheduler/apis/config/v1
github.com/liggitt/tabwriter
k8s.io/apimachinery/pkg/util/duration
k8s.io/client-go/third_party/forked/golang/template
k8s.io/kubernetes/pkg/scheduler/apis/config/v1beta1
k8s.io/client-go/util/jsonpath
github.com/hkust-adsl/kubernetes-scheduler-simulator/pkg/utils
k8s.io/kubernetes/pkg/scheduler/apis/config/scheme
k8s.io/cli-runtime/pkg/printers
k8s.io/kubernetes/pkg/scheduler/framework/runtime
go.uber.org/atomic
go.uber.org/multierr
go.uber.org/zap/buffer
go.uber.org/zap/internal/color
go.uber.org/zap/internal/bufferpool
go.uber.org/zap/internal/exit
k8s.io/component-base/logs/datapol
go.uber.org/zap/zapcore
k8s.io/component-base/logs/sanitization
github.com/coreos/go-systemd/daemon
compress/zlib
encoding/xml
github.com/emicklei/go-restful/log
go.uber.org/zap
internal/saferio
encoding/gob
github.com/hkust-adsl/kubernetes-scheduler-simulator/pkg/simulator/plugin
github.com/emicklei/go-restful
k8s.io/component-base/logs/json
k8s.io/component-base/logs
github.com/mailru/easyjson/jlexer
github.com/mailru/easyjson/buffer
github.com/mailru/easyjson/jwriter
github.com/PuerkitoBio/urlesc
k8s.io/apimachinery/pkg/util/waitgroup
k8s.io/apiserver/pkg/apis/apiserver
github.com/PuerkitoBio/purell
k8s.io/apiserver/pkg/apis/audit
github.com/go-openapi/swag
k8s.io/apiserver/pkg/authorization/authorizer
k8s.io/apiserver/pkg/apis/apiserver/v1
k8s.io/apimachinery/pkg/api/validation/path
k8s.io/apimachinery/pkg/apis/meta/internalversion/scheme
k8s.io/api/admission/v1
k8s.io/apiserver/pkg/apis/audit/v1
k8s.io/apiserver/pkg/apis/audit/v1alpha1
github.com/go-openapi/jsonpointer
k8s.io/apiserver/pkg/apis/audit/v1beta1
github.com/go-openapi/jsonreference
github.com/go-openapi/spec
k8s.io/apiserver/pkg/endpoints/request
k8s.io/apiserver/pkg/apis/apiserver/v1alpha1
k8s.io/apiserver/pkg/apis/apiserver/v1beta1
k8s.io/apiserver/pkg/server/egressselector/metrics
k8s.io/apiserver/pkg/apis/apiserver/install
k8s.io/apiserver/pkg/audit
sigs.k8s.io/apiserver-network-proxy/konnectivity-client/proto/client
k8s.io/api/admission/v1beta1
k8s.io/apiserver/pkg/admission/plugin/webhook/config/apis/webhookadmission
k8s.io/apiserver/pkg/admission
k8s.io/apiserver/pkg/admission/plugin/webhook/config/apis/webhookadmission/v1
sigs.k8s.io/apiserver-network-proxy/konnectivity-client/pkg/client
k8s.io/apiserver/pkg/admission/plugin/webhook/config/apis/webhookadmission/v1alpha1
k8s.io/apiserver/pkg/admission/plugin/webhook/errors
k8s.io/apiserver/pkg/warning
k8s.io/apiserver/pkg/admission/plugin/webhook/config
k8s.io/apiserver/pkg/apis/audit/validation
k8s.io/apiserver/pkg/server/egressselector
k8s.io/apiserver/pkg/authentication/authenticator
k8s.io/apiserver/pkg/quota/v1
k8s.io/apiserver/pkg/admission/plugin/webhook/rules
k8s.io/apiserver/pkg/admission/metrics
k8s.io/apiserver/pkg/audit/policy
k8s.io/apiserver/pkg/authentication/group
k8s.io/apiserver/pkg/admission/initializer
k8s.io/apiserver/pkg/authentication/request/anonymous
k8s.io/apiserver/pkg/util/webhook
k8s.io/apiserver/pkg/authentication/request/bearertoken
k8s.io/apiserver/pkg/authentication/request/x509
k8s.io/apiserver/pkg/authentication/request/union
golang.org/x/net/websocket
k8s.io/apiserver/pkg/authentication/request/headerrequest
k8s.io/apiserver/pkg/admission/plugin/webhook
k8s.io/apiserver/pkg/admission/plugin/webhook/namespace
k8s.io/apiserver/pkg/admission/plugin/webhook/object
k8s.io/apiserver/pkg/util/wsstream
k8s.io/apiserver/pkg/admission/plugin/namespace/lifecycle
k8s.io/apiserver/pkg/authentication/request/websocket
golang.org/x/sync/singleflight
k8s.io/apiserver/pkg/authentication/token/cache
k8s.io/apiserver/pkg/authentication/token/tokenfile
k8s.io/apiserver/plugin/pkg/authenticator/token/webhook
k8s.io/apiserver/plugin/pkg/authorizer/webhook
k8s.io/apiserver/pkg/admission/plugin/webhook/generic
k8s.io/apiserver/pkg/authorization/authorizerfactory
k8s.io/apiserver/pkg/authentication/authenticatorfactory
k8s.io/apiserver/pkg/authorization/union
k8s.io/apiserver/pkg/endpoints/deprecation
github.com/munnerz/goautoneg
k8s.io/apiserver/pkg/endpoints/metrics
k8s.io/apiserver/pkg/endpoints/handlers/negotiation
k8s.io/apiserver/pkg/storage/names
k8s.io/apiserver/pkg/registry/rest
k8s.io/apiserver/pkg/storage
k8s.io/apiserver/pkg/util/flushwriter
k8s.io/apimachinery/pkg/apis/meta/internalversion/validation
k8s.io/apimachinery/pkg/apis/meta/v1beta1/validation
sigs.k8s.io/structured-merge-diff/v4/schema
sigs.k8s.io/structured-merge-diff/v4/fieldpath
k8s.io/kube-openapi/pkg/schemaconv
k8s.io/apiserver/pkg/endpoints/handlers/responsewriters
k8s.io/apiserver/pkg/admission/configuration
k8s.io/apiserver/pkg/admission/plugin/webhook/request
k8s.io/apiserver/pkg/endpoints/discovery
k8s.io/apiserver/pkg/server/httplog
k8s.io/apiserver/pkg/endpoints/warning
sigs.k8s.io/structured-merge-diff/v4/typed
k8s.io/component-base/metrics/prometheus/workqueue
k8s.io/apiserver/pkg/endpoints/filterlatency
k8s.io/apiserver/pkg/storageversion
k8s.io/kube-openapi/pkg/util
k8s.io/apiserver/pkg/endpoints/openapi
k8s.io/apiserver/pkg/storage/value
k8s.io/apiserver/pkg/admission/plugin/webhook/mutating
k8s.io/apiserver/pkg/admission/plugin/webhook/validating
sigs.k8s.io/structured-merge-diff/v4/merge
k8s.io/apiserver/pkg/endpoints/filters
k8s.io/apiserver/pkg/endpoints/handlers/fieldmanager/internal
k8s.io/apiserver/pkg/endpoints/handlers/fieldmanager
k8s.io/apiserver/pkg/storage/storagebackend
golang.org/x/net/context
github.com/grpc-ecosystem/go-grpc-prometheus
github.com/gogo/protobuf/protoc-gen-gogo/descriptor
k8s.io/apiserver/pkg/endpoints/handlers
go.etcd.io/etcd/clientv3/balancer/connectivity
go.etcd.io/etcd/clientv3/balancer/picker
google.golang.org/grpc/resolver/dns
google.golang.org/grpc/resolver/passthrough
go.etcd.io/etcd/clientv3/balancer/resolver/endpoint
go.etcd.io/etcd/clientv3/balancer
go.etcd.io/etcd/etcdserver/api/v3rpc/rpctypes
github.com/coreos/go-systemd/journal
go.etcd.io/etcd/clientv3/credentials
log/syslog
go.etcd.io/etcd/pkg/systemd
go.etcd.io/etcd/raft/quorum
github.com/coreos/pkg/capnslog
go.etcd.io/etcd/pkg/types
github.com/coreos/go-semver/semver
go.etcd.io/etcd/pkg/fileutil
go.etcd.io/etcd/version
go.etcd.io/etcd/pkg/tlsutil
github.com/gogo/protobuf/gogoproto
k8s.io/apiserver/pkg/storage/etcd3/metrics
k8s.io/apiserver/pkg/server/dynamiccertificates
go.etcd.io/etcd/auth/authpb
go.etcd.io/etcd/mvcc/mvccpb
go.etcd.io/etcd/raft/raftpb
k8s.io/apiserver/pkg/endpoints
go.etcd.io/etcd/etcdserver/etcdserverpb
go.etcd.io/etcd/raft/tracker
go.etcd.io/etcd/raft/confchange
go.etcd.io/etcd/raft
go.etcd.io/etcd/pkg/transport
k8s.io/apiserver/pkg/apis/flowcontrol/bootstrap
k8s.io/apiserver/pkg/server/mux
go.etcd.io/etcd/pkg/logutil
k8s.io/apiserver/pkg/util/apihelpers
k8s.io/apiserver/pkg/util/flowcontrol/debug
github.com/prometheus/client_golang/prometheus/testutil/promlint
k8s.io/apiserver/pkg/util/shufflesharding
k8s.io/apiserver/pkg/util/flowcontrol/format
github.com/prometheus/client_golang/prometheus/testutil
k8s.io/apiserver/pkg/server/healthz
k8s.io/kube-openapi/pkg/common
k8s.io/component-base/metrics/testutil
github.com/NYTimes/gziphandler
k8s.io/apiserver/pkg/util/flowcontrol/metrics
k8s.io/kube-openapi/pkg/builder
internal/profile
k8s.io/apiserver/pkg/util/flowcontrol/fairqueuing
k8s.io/kube-openapi/pkg/handler
k8s.io/apiserver/pkg/util/flowcontrol/fairqueuing/queueset
runtime/pprof
k8s.io/apiserver/pkg/util/flowcontrol
runtime/trace
k8s.io/apiserver/pkg/server/storage
net/http/pprof
k8s.io/apiserver/pkg/util/openapi
k8s.io/component-base/cli/flag
k8s.io/apiserver/pkg/server/routes
os/signal
k8s.io/client-go/tools/leaderelection/resourcelock
gopkg.in/natefinch/lumberjack.v2
go.etcd.io/etcd/clientv3
k8s.io/apiserver/pkg/authorization/path
k8s.io/apiserver/pkg/storage/cacher
k8s.io/apiserver/pkg/server/filters
k8s.io/apiserver/pkg/storage/errors
k8s.io/apiserver/pkg/apis/config
k8s.io/client-go/tools/leaderelection
k8s.io/apiserver/pkg/apis/config/v1
k8s.io/apiserver/pkg/apis/config/validation
k8s.io/apiserver/pkg/storage/value/encrypt/aes
golang.org/x/crypto/cryptobyte
k8s.io/apiserver/pkg/storage/value/encrypt/envelope/v1beta1
k8s.io/apiserver/pkg/storage/value/encrypt/identity
golang.org/x/crypto/poly1305
golang.org/x/crypto/nacl/secretbox
k8s.io/apiserver/pkg/storage/value/encrypt/secretbox
k8s.io/apiserver/pkg/server/resourceconfig
k8s.io/apiserver/plugin/pkg/audit/buffered
k8s.io/apiserver/pkg/storage/value/encrypt/envelope
k8s.io/apiserver/pkg/storage/etcd3
k8s.io/apiserver/plugin/pkg/audit/log
k8s.io/apiserver/plugin/pkg/audit/truncate
k8s.io/apiserver/pkg/apis/audit/install
k8s.io/component-base/config/options
k8s.io/apiserver/plugin/pkg/audit/webhook
k8s.io/apiserver/pkg/server/options/encryptionconfig
k8s.io/kubernetes/pkg/scheduler/framework/plugins/defaultbinder
k8s.io/component-base/config/validation
k8s.io/kubernetes/pkg/util/node
k8s.io/kubernetes/pkg/scheduler/apis/config/validation
k8s.io/apiserver/pkg/storage/storagebackend/factory
k8s.io/kubernetes/pkg/scheduler/framework/plugins/imagelocality
k8s.io/apiserver/pkg/registry/generic
k8s.io/apiserver/pkg/server
k8s.io/apiserver/pkg/registry/generic/registry
k8s.io/kubernetes/pkg/scheduler/internal/cache
k8s.io/kubernetes/pkg/scheduler/framework/plugins/interpodaffinity
k8s.io/kubernetes/pkg/scheduler/core
k8s.io/kubernetes/pkg/scheduler/framework/plugins/nodeaffinity
k8s.io/kubernetes/pkg/scheduler/framework/plugins/nodename
k8s.io/kubernetes/pkg/scheduler/framework/plugins/nodeports
k8s.io/kubernetes/pkg/scheduler/framework/plugins/defaultpreemption
k8s.io/kubernetes/cmd/kube-scheduler/app/config
k8s.io/apiserver/pkg/server/options
k8s.io/kubernetes/pkg/scheduler/framework/plugins/nodepreferavoidpods
k8s.io/kubernetes/pkg/scheduler/framework/plugins/noderesources
k8s.io/kubernetes/pkg/scheduler/framework/plugins/nodeunschedulable
k8s.io/csi-translation-lib/plugins
k8s.io/csi-translation-lib
k8s.io/kubernetes/pkg/securitycontext
k8s.io/kubernetes/pkg/util/resizefs
k8s.io/kubernetes/pkg/volume/util/types
k8s.io/kubernetes/pkg/volume/util/volumepathhandler
k8s.io/utils/strings
k8s.io/kubernetes/pkg/scheduler/framework/plugins/podtopologyspread
k8s.io/kubernetes/pkg/scheduler/framework/plugins/queuesort
k8s.io/kubernetes/pkg/scheduler/framework/plugins/selectorspread
k8s.io/kubernetes/pkg/volume/util
k8s.io/kubernetes/pkg/scheduler/framework/plugins/tainttoleration
k8s.io/kubernetes/pkg/scheduler/framework/plugins/volumerestrictions
k8s.io/cloud-provider/volume/helpers
k8s.io/kubernetes/pkg/scheduler/framework/plugins/volumezone
k8s.io/kubernetes/pkg/scheduler/framework/plugins/nodevolumelimits
k8s.io/kubernetes/pkg/controller/volume/persistentvolume/util
k8s.io/kubernetes/pkg/scheduler/framework/plugins/nodelabel
k8s.io/kubernetes/pkg/controller/volume/scheduling
k8s.io/kubernetes/pkg/scheduler/framework/plugins/serviceaffinity
k8s.io/kubernetes/pkg/scheduler/internal/heap
k8s.io/kubernetes/pkg/scheduler/internal/queue
k8s.io/kubernetes/pkg/scheduler/profile
k8s.io/kubernetes/pkg/scheduler/internal/cache/debugger
github.com/mattn/go-runewidth
github.com/spf13/cobra
github.com/olekukonko/tablewriter
k8s.io/kubernetes/pkg/scheduler/framework/plugins/volumebinding
github.com/russross/blackfriday/v2
github.com/hkust-adsl/kubernetes-scheduler-simulator/cmd/version
k8s.io/kubernetes/pkg/scheduler/framework/plugins
k8s.io/kubernetes/pkg/scheduler/algorithmprovider
github.com/cpuguy83/go-md2man/v2/md2man
github.com/spf13/cobra/doc
github.com/hkust-adsl/kubernetes-scheduler-simulator/cmd/doc
k8s.io/kubernetes/pkg/scheduler
k8s.io/kubernetes/cmd/kube-scheduler/app/options
github.com/hkust-adsl/kubernetes-scheduler-simulator/pkg/simulator
github.com/hkust-adsl/kubernetes-scheduler-simulator/pkg/apply
github.com/hkust-adsl/kubernetes-scheduler-simulator/cmd/apply
github.com/hkust-adsl/kubernetes-scheduler-simulator/cmd/simon
github.com/hkust-adsl/kubernetes-scheduler-simulator/cmd
